// Jest Snapshot v1, https://goo.gl/fbAQLP

exports[`ClearFocus matches snapshot 1`] = `
<button
  className="SquareButton SquareButtonTextButton"
  onClick={[Function]}
  title="Clear Focus"
  type="button"
>
  <span
    className="SquareButtonText"
  >
    Clear Focus
  </span>
</button>
`;
