// Jest Snapshot v1, https://goo.gl/fbAQLP

exports[`FutureViewDay(false, false) matches snapshot. 1`] = `
<div
  className="OtherViews"
>
  <div
    className="DateInfo"
    style={Object {}}
  >
    <div
      className="DateInfoDay"
    >
      TUE
    </div>
    <div
      className="DateNum"
    >
      1
    </div>
  </div>
  <div
    className="Container"
    style={
      Object {
        "overflow": "hidden",
      }
    }
  />
</div>
`;

exports[`FutureViewDay(false, false) matches snapshot. 2`] = `
<div
  className="OtherViews"
>
  <div
    className="DateInfo"
    style={Object {}}
  >
    <div
      className="DateInfoDay"
    >
      TUE
    </div>
    <div
      className="DateNum"
    >
      1
    </div>
  </div>
  <div
    className="Container"
    style={
      Object {
        "overflow": "hidden",
      }
    }
  />
</div>
`;

exports[`FutureViewDay(false, true) matches snapshot. 1`] = `
<div
  className="OtherViews"
>
  <div
    className="DateInfo"
    style={Object {}}
  >
    <div
      className="DateInfoDay"
    >
      TUE
    </div>
    <div
      className="DateNum"
    >
      1
    </div>
  </div>
  <div
    className="Container"
    style={
      Object {
        "overflow": "hidden",
      }
    }
  >
    <div
      className="Task"
      onClick={[Function]}
      onKeyUp={[Function]}
      role="button"
      style={Object {}}
      tabIndex={0}
    >
      <div
        className="TaskMainWrapper"
        style={
          Object {
            "backgroundColor": "red",
          }
        }
      >
        <label
          className="TaskCheckBox CheckBox"
        >
          <input
            defaultChecked={true}
            disabled={false}
            onClick={[Function]}
            tabIndex={0}
            type="checkbox"
          />
          <span
            className="CheckBoxCheckMark"
          />
        </label>
        <span
          className="TaskText"
          style={
            Object {
              "textDecoration": "line-through",
            }
          }
        >
          Foo
        </span>
        <span
          title="Pin to Focus"
        >
          <svg
            alt="Pin to Focus"
            className="TaskIcon"
            height="1em"
            onClick={[Function]}
            onKeyUp={[Function]}
            tabIndex={0}
            title="Pin to Focus"
            width="1em"
          >
            pin-2-light-outline.svg
          </svg>
        </span>
        <span
          title="Delete"
        >
          <svg
            alt="Delete"
            className="TaskIcon"
            height="1em"
            onClick={[Function]}
            onKeyUp={[Function]}
            tabIndex={0}
            title="Delete"
            width="1em"
          >
            XLight.svg
          </svg>
        </span>
      </div>
    </div>
  </div>
</div>
`;

exports[`FutureViewDay(false, true) matches snapshot. 2`] = `
<div
  className="OtherViews"
>
  <div
    className="DateInfo"
    style={Object {}}
  >
    <div
      className="DateInfoDay"
    >
      TUE
    </div>
    <div
      className="DateNum"
    >
      1
    </div>
  </div>
  <div
    className="Container"
    style={
      Object {
        "overflow": "hidden",
      }
    }
  >
    <div
      className="Task"
      onClick={[Function]}
      onKeyUp={[Function]}
      role="button"
      style={Object {}}
      tabIndex={0}
    >
      <div
        className="TaskMainWrapper"
        style={
          Object {
            "backgroundColor": "red",
          }
        }
      >
        <label
          className="TaskCheckBox CheckBox"
        >
          <input
            defaultChecked={true}
            disabled={false}
            onClick={[Function]}
            tabIndex={0}
            type="checkbox"
          />
          <span
            className="CheckBoxCheckMark"
          />
        </label>
        <span
          className="TaskText"
          style={
            Object {
              "textDecoration": "line-through",
            }
          }
        >
          Foo
        </span>
        <span
          title="Pin to Focus"
        >
          <svg
            alt="Pin to Focus"
            className="TaskIcon"
            height="1em"
            onClick={[Function]}
            onKeyUp={[Function]}
            tabIndex={0}
            title="Pin to Focus"
            width="1em"
          >
            pin-2-light-outline.svg
          </svg>
        </span>
        <span
          title="Delete"
        >
          <svg
            alt="Delete"
            className="TaskIcon"
            height="1em"
            onClick={[Function]}
            onKeyUp={[Function]}
            tabIndex={0}
            title="Delete"
            width="1em"
          >
            XLight.svg
          </svg>
        </span>
      </div>
    </div>
  </div>
</div>
`;
